// Jest Snapshot v1, https://goo.gl/fbAQLP

exports[`<SettingsTab /> should render without crashing 1`] = `
<View
  style={
    Object {
      "alignItems": "stretch",
      "backgroundColor": "whitesmoke",
      "flex": 1,
      "flexDirection": "column",
      "justifyContent": "center",
      "marginTop": 20,
    }
  }
>
  <Text>
    Settings Placeholder
  </Text>
</View>
`;
