// Jest Snapshot v1, https://goo.gl/fbAQLP

exports[`<SettingsTab /> should render without crashing 1`] = `
<View
  style={
    Object {
      "alignItems": "stretch",
      "backgroundColor": "whitesmoke",
      "flex": 1,
      "flexDirection": "column",
      "justifyContent": "center",
      "marginTop": 20,
    }
  }
>
  <View
    style={
      Object {
        "backgroundColor": "gray",
        "flex": 1,
        "justifyContent": "center",
        "opacity": 0.8,
      }
    }
  >
    <Text
      style={
        Object {
          "alignItems": "center",
          "color": "white",
          "fontSize": 24,
          "fontWeight": "bold",
          "justifyContent": "center",
          "opacity": 1,
          "textAlign": "center",
          "textAlignVertical": "center",
        }
      }
    >
      SETTINGS
    </Text>
  </View>
  <View
    style={
      Object {
        "flex": 14,
      }
    }
  >
    <Text>
       SETTINGS PAGE 
    </Text>
  </View>
</View>
`;
